// Jest Snapshot v1, https://goo.gl/fbAQLP

exports[`testing for snapshot of calculator component 1`] = `
<div
  className="main"
>
  <h2
    className="head"
  >
    Let\`s do some maths!
  </h2>
  <div
    className="calculator"
  >
    <div
      className="input"
    >
      <input
        className="input data"
        type="text"
        value="0"
      />
    </div>
    <div
      className="keys"
    >
      <button
        className="key"
        onClick={[Function]}
        type="button"
      >
        AC
      </button>
      <button
        className="key"
        onClick={[Function]}
        type="button"
      >
        +/-
      </button>
      <button
        className="key"
        onClick={[Function]}
        type="button"
      >
        %
      </button>
      <button
        className="calculate"
        onClick={[Function]}
        type="button"
      >
        รท
      </button>
    </div>
    <div
      className="keys"
    >
      <button
        className="key"
        onClick={[Function]}
        type="button"
      >
        7
      </button>
      <button
        className="key"
        onClick={[Function]}
        type="button"
      >
        8
      </button>
      <button
        className="key"
        onClick={[Function]}
        type="button"
      >
        9
      </button>
      <button
        className="calculate"
        onClick={[Function]}
        type="button"
      >
        x
      </button>
    </div>
    <div
      className="keys"
    >
      <button
        className="key"
        onClick={[Function]}
        type="button"
      >
        4
      </button>
      <button
        className="key"
        onClick={[Function]}
        type="button"
      >
        5
      </button>
      <button
        className="key"
        onClick={[Function]}
        type="button"
      >
        6
      </button>
      <button
        className="calculate"
        onClick={[Function]}
        type="button"
      >
        -
      </button>
    </div>
    <div
      className="keys"
    >
      <button
        className="key"
        onClick={[Function]}
        type="button"
      >
        1
      </button>
      <button
        className="key"
        onClick={[Function]}
        type="button"
      >
        2
      </button>
      <button
        className="key"
        onClick={[Function]}
        type="button"
      >
        3
      </button>
      <button
        className="calculate"
        onClick={[Function]}
        type="button"
      >
        +
      </button>
    </div>
    <div
      className="keys"
    >
      <button
        className="key zero"
        onClick={[Function]}
        type="button"
      >
        0
      </button>
      <button
        className="key"
        onClick={[Function]}
        type="button"
      >
        .
      </button>
      <button
        className="calculate"
        onClick={[Function]}
        type="button"
      >
        =
      </button>
    </div>
  </div>
</div>
`;
